// Jest Snapshot v1, https://goo.gl/fbAQLP

exports[`Space test suite renders correctly 1`] = `
<span
  className="navtext"
  onClick={[Function]}
>
   ◄  Dashboard exoplanète
</span>
`;
